Microchip MPLAB XC8 Compiler V2.30

Linker command line:

-W-3 --edf=/Applications/microchip/xc8/v2.30/pic/dat/en_msgs.txt -cn \
  -h+dist/default/debug/the1.X.debug.sym \
  --cmf=dist/default/debug/the1.X.debug.cmf -z -w9 --disl=596:off -Q18F8722 \
  -o/tmp/xcKrOhi4O --defsym=__MPLAB_BUILD=1 \
  -Mdist/default/debug/the1.X.debug.map -E1 -ver=XC8 Compiler --acfsm=1493 \
  -ACODE=00h-01FFFFh -ACONST=00h-01FFFFh -ASMALLCONST=01000h-010FFhx496 \
  -AMEDIUMCONST=01000h-0FFFFh,011000h-01FFFFh -ACOMRAM=01h-05Fh \
  -AABS1=00h-0F5Fh -ABIGRAM=01h-0F5Fh \
  -ARAM=060h-0FFh,0100h-01FFhx14,0F00h-0F5Fh -ABANK0=060h-0FFh \
  -ABANK1=0100h-01FFh -ABANK2=0200h-02FFh -ABANK3=0300h-03FFh \
  -ABANK4=0400h-04FFh -ABANK5=0500h-05FFh -ABANK6=0600h-06FFh \
  -ABANK7=0700h-07FFh -ABANK8=0800h-08FFh -ABANK9=0900h-09FFh \
  -ABANK10=0A00h-0AFFh -ABANK11=0B00h-0BFFh -ABANK12=0C00h-0CFFh \
  -ABANK13=0D00h-0DFFh -ABANK14=0E00h-0EFFh -ABANK15=0F00h-0F5Fh \
  -ASFR=0F60h-0FFFh -ACONFIG=0300000h-0300000h -AIDLOC=0200000h-0200007h \
  -AEEDATA=0F00000h-0F003FFh -peeprom_data=EEDATA \
  -preset_vec=00h,intcode,intcodelo,powerup,init -pramtop=01000h \
  -psmallconst=SMALLCONST -pmediumconst=MEDIUMCONST -pconst=CONST \
  -AFARRAM=00h-00h \
  -prdata=COMRAM,nvrram=COMRAM,nvbit=COMRAM,rbss=COMRAM,rbit=COMRAM \
  -pfarbss=FARRAM,fardata=FARRAM,nvFARRAM=FARRAM \
  -pintsave_regs=BIGRAM,bigbss=BIGRAM,bigdata=BIGRAM -pbss=RAM \
  -pidata=CODE,irdata=CODE,ibigdata=CODE,ifardata=CODE /tmp/xcGRnr3t2.o \
  build/default/debug/the_1_2310142.o 

Object code version is 3.11

Machine type is 18F8722



                Name                               Link     Load   Length Selector   Space Scale
/tmp/xcGRnr3t2.o
                config                           300001   300001        D        0       4
                init                                  0        0        4        0       0
build/default/debug/the_1_2310142.o
                config                           300001   300001        D        0       4
                CODE                                  0        0        A        0       0
                resetVec                          1FFF4    1FFF4        C     FFFA       0
                udata_acs                             1        1        1        1       1

TOTAL           Name                               Link     Load   Length     Space
        CLASS   CODE           
                init                                  0        0        4         0
                resetVec                          1FFF4    1FFF4        C         0

        CLASS   CONST          

        CLASS   SMALLCONST     

        CLASS   MEDIUMCONST    

        CLASS   COMRAM         
                udata_acs                             1        1        1         1

        CLASS   ABS1           

        CLASS   BIGRAM         

        CLASS   RAM            

        CLASS   BANK0          

        CLASS   BANK1          

        CLASS   BANK2          

        CLASS   BANK3          

        CLASS   BANK4          

        CLASS   BANK5          

        CLASS   BANK6          

        CLASS   BANK7          

        CLASS   BANK8          

        CLASS   BANK9          

        CLASS   BANK10         

        CLASS   BANK11         

        CLASS   BANK12         

        CLASS   BANK13         

        CLASS   BANK14         

        CLASS   BANK15         

        CLASS   SFR            

        CLASS   CONFIG         
                config                           300001   300001        D         4

        CLASS   IDLOC          

        CLASS   EEDATA         

        CLASS   FARRAM         

        CLASS   STACK          

        CLASS   UNCLASSED
                CODE                                  0        0        A         0


SEGMENTS        Name                           Load    Length   Top    Selector   Space  Class

                reset_vec                      000000  000004  000004         0       0  CODE    
                resetVec                       01FFF4  00000C  020000      FFFA       0  CODE    
                udata_acs                      000001  000001  000002         1       1  COMRAM  


UNUSED ADDRESS RANGES

        Name                Unused          Largest block    Delta
        BANK0            000060-0000FF               A0
        BANK1            000100-0001FF              100
        BANK10           000A00-000AFF              100
        BANK11           000B00-000BFF              100
        BANK12           000C00-000CFF              100
        BANK13           000D00-000DFF              100
        BANK14           000E00-000EFF              100
        BANK15           000F00-000F5F               60
        BANK2            000200-0002FF              100
        BANK3            000300-0003FF              100
        BANK4            000400-0004FF              100
        BANK5            000500-0005FF              100
        BANK6            000600-0006FF              100
        BANK7            000700-0007FF              100
        BANK8            000800-0008FF              100
        BANK9            000900-0009FF              100
        BIGRAM           000002-000F5F              F5E
        CODE             00000A-01FFF3            1FFEA
        COMRAM           000002-00005F               5E
        CONFIG           300000-300000                1
        CONST            00000A-01FFF3            1FFEA
        EEDATA           F00000-F003FF              400
        IDLOC            200000-200007                8
        MEDIUMCONST      001000-00FFFF             F000
                         011000-01FFF3             EFF4
        RAM              000060-000F5F              100
        SFR              000F60-000FFF               A0
        SMALLCONST       001000-01FFF3              100

                                  Symbol Table

__HCODE              CODE         00000A
__HRAM               (abs)        000000
__Habs1              abs1         000000
__Hbank0             bank0        000000
__Hbank1             bank1        000000
__Hbank10            bank10       000000
__Hbank11            bank11       000000
__Hbank12            bank12       000000
__Hbank13            bank13       000000
__Hbank14            bank14       000000
__Hbank15            bank15       000000
__Hbank2             bank2        000000
__Hbank3             bank3        000000
__Hbank4             bank4        000000
__Hbank5             bank5        000000
__Hbank6             bank6        000000
__Hbank7             bank7        000000
__Hbank8             bank8        000000
__Hbank9             bank9        000000
__Hbigbss            bigbss       000000
__Hbigdata           bigdata      000000
__Hbigram            bigram       000000
__Hbss               bss          000000
__Hclrtext           clrtext      000000
__Hcode              code         00000A
__Hcomram            comram       000000
__Hconfig            config       30000E
__Hconst             const        000000
__Hdata              data         000000
__Hedata             edata        00000A
__Heeprom_data       eeprom_data  000000
__Hfarbss            farbss       000000
__Hfardata           fardata      000000
__Hibigdata          ibigdata     000000
__Hidata             idata        000000
__Hidloc             idloc        000000
__Hifardata          ifardata     000000
__Hinit              init         000004
__Hintcode           intcode      000000
__Hintcode_body      intcode_body 000000
__Hintcodelo         intcodelo    000000
__Hintentry          intentry     000000
__Hintret            intret       000000
__Hintsave_regs      intsave_regs 000000
__Hirdata            irdata       000000
__Hmediumconst       mediumconst  000000
__HnvFARRAM          nvFARRAM     000000
__Hnvbit             nvbit        000000
__Hnvrram            nvrram       000000
__Hpowerup           powerup      000000
__Hram               ram          000000
__Hramtop            ramtop       001000
__Hrbit              rbit         000000
__Hrbss              rbss         000000
__Hrdata             rdata        000000
__HresetVec          resetVec     00000A
__Hreset_vec         reset_vec    000000
__Hsfr               sfr          000000
__Hsmallconst        smallconst   000000
__Hspace_0           (abs)        020000
__Hspace_1           (abs)        000002
__Hspace_2           (abs)        000000
__Hspace_3           (abs)        000000
__Hspace_4           (abs)        60000F
__Hstack             stack        000000
__Hstruct            struct       000000
__Htemp              temp         000000
__Htext              text         000000
__Hudata             udata        00000A
__Hudata_acs         udata_acs    00000A
__Hudata_bank0       udata_bank0  00000A
__Hudata_bank1       udata_bank1  00000A
__Hudata_bank10      udata_bank10 00000A
__Hudata_bank11      udata_bank11 00000A
__Hudata_bank12      udata_bank12 00000A
__Hudata_bank13      udata_bank13 00000A
__Hudata_bank14      udata_bank14 00000A
__Hudata_bank15      udata_bank15 00000A
__Hudata_bank2       udata_bank2  00000A
__Hudata_bank3       udata_bank3  00000A
__Hudata_bank4       udata_bank4  00000A
__Hudata_bank5       udata_bank5  00000A
__Hudata_bank6       udata_bank6  00000A
__Hudata_bank7       udata_bank7  00000A
__Hudata_bank8       udata_bank8  00000A
__Hudata_bank9       udata_bank9  00000A
__LCODE              CODE         000000
__LRAM               (abs)        000001
__Labs1              abs1         000000
__Lbank0             bank0        000000
__Lbank1             bank1        000000
__Lbank10            bank10       000000
__Lbank11            bank11       000000
__Lbank12            bank12       000000
__Lbank13            bank13       000000
__Lbank14            bank14       000000
__Lbank15            bank15       000000
__Lbank2             bank2        000000
__Lbank3             bank3        000000
__Lbank4             bank4        000000
__Lbank5             bank5        000000
__Lbank6             bank6        000000
__Lbank7             bank7        000000
__Lbank8             bank8        000000
__Lbank9             bank9        000000
__Lbigbss            bigbss       000000
__Lbigdata           bigdata      000000
__Lbigram            bigram       000000
__Lbss               bss          000000
__Lclrtext           clrtext      000000
__Lcode              code         00000A
__Lcomram            comram       000000
__Lconfig            config       000000
__Lconst             const        000000
__Ldata              data         000000
__Ledata             edata        00000A
__Leeprom_data       eeprom_data  000000
__Lfarbss            farbss       000000
__Lfardata           fardata      000000
__Libigdata          ibigdata     000000
__Lidata             idata        000000
__Lidloc             idloc        000000
__Lifardata          ifardata     000000
__Linit              init         000000
__Lintcode           intcode      000000
__Lintcode_body      intcode_body 000000
__Lintcodelo         intcodelo    000000
__Lintentry          intentry     000000
__Lintret            intret       000000
__Lintsave_regs      intsave_regs 000000
__Lirdata            irdata       000000
__Lmediumconst       mediumconst  000000
__LnvFARRAM          nvFARRAM     000000
__Lnvbit             nvbit        000000
__Lnvrram            nvrram       000000
__Lpowerup           powerup      000000
__Lram               ram          000000
__Lramtop            ramtop       001000
__Lrbit              rbit         000000
__Lrbss              rbss         000000
__Lrdata             rdata        000000
__LresetVec          resetVec     00000A
__Lreset_vec         reset_vec    000000
__Lsfr               sfr          000000
__Lsmallconst        smallconst   000000
__Lspace_0           (abs)        000000
__Lspace_1           (abs)        000000
__Lspace_2           (abs)        000000
__Lspace_3           (abs)        000000
__Lspace_4           (abs)        000000
__Lstack             stack        000000
__Lstruct            struct       000000
__Ltemp              temp         000000
__Ltext              text         000000
__Ludata             udata        00000A
__Ludata_acs         udata_acs    00000A
__Ludata_bank0       udata_bank0  00000A
__Ludata_bank1       udata_bank1  00000A
__Ludata_bank10      udata_bank10 00000A
__Ludata_bank11      udata_bank11 00000A
__Ludata_bank12      udata_bank12 00000A
__Ludata_bank13      udata_bank13 00000A
__Ludata_bank14      udata_bank14 00000A
__Ludata_bank15      udata_bank15 00000A
__Ludata_bank2       udata_bank2  00000A
__Ludata_bank3       udata_bank3  00000A
__Ludata_bank4       udata_bank4  00000A
__Ludata_bank5       udata_bank5  00000A
__Ludata_bank6       udata_bank6  00000A
__Ludata_bank7       udata_bank7  00000A
__Ludata_bank8       udata_bank8  00000A
__Ludata_bank9       udata_bank9  00000A
__S0                 (abs)        020000
__S1                 (abs)        000002
__S3                 (abs)        000000
__S4                 (abs)        000000
__S5                 (abs)        000000
___extmem_base       (abs)        020000
___inthi_sp          stack        000000
___intlo_sp          stack        000000
___sp                stack        000000
__accesstop          (abs)        000060
__mediumconst        mediumconst  000000
__ramtop             ramtop       001000
__smallconst         smallconst   000000
_main                                   
intlevel0            text         000000
intlevel1            text         000000
intlevel2            text         000000
intlevel3            text         000000
stackhi              (abs)        000000
stacklo              (abs)        000000
start                init         000000
start_initialization                    
var1                 udata_acs    000001
