Microchip MPLAB XC8 Compiler V2.30

Linker command line:

-W-3 --edf=/opt/microchip/xc8/v2.30/pic/dat/en_msgs.txt -cn \
  -h+dist/default/production/336-the2.production.sym \
  --cmf=dist/default/production/336-the2.production.cmf -z -Q18F8722 \
  -o/tmp/xcXOMhnFE --defsym=__MPLAB_BUILD=1 \
  -Mdist/default/production/336-the2.production.map -E1 -ver=XC8 Compiler \
  --acfsm=1493 -ASTACK=060h-0F5Fh -pstack=STACK -ACODE=00h-01FFFFh \
  -ACONST=00h-01FFFFh -ASMALLCONST=01000h-010FFhx496 \
  -AMEDIUMCONST=01000h-0FFFFh,011000h-01FFFFh -ACOMRAM=01h-05Fh \
  -AABS1=00h-0F5Fh -ABIGRAM=01h-0F5Fh \
  -ARAM=060h-0FFh,0100h-01FFhx14,0F00h-0F5Fh -ABANK0=060h-0FFh \
  -ABANK1=0100h-01FFh -ABANK2=0200h-02FFh -ABANK3=0300h-03FFh \
  -ABANK4=0400h-04FFh -ABANK5=0500h-05FFh -ABANK6=0600h-06FFh \
  -ABANK7=0700h-07FFh -ABANK8=0800h-08FFh -ABANK9=0900h-09FFh \
  -ABANK10=0A00h-0AFFh -ABANK11=0B00h-0BFFh -ABANK12=0C00h-0CFFh \
  -ABANK13=0D00h-0DFFh -ABANK14=0E00h-0EFFh -ABANK15=0F00h-0F5Fh \
  -ASFR=0F60h-0FFFh -ACONFIG=0300000h-030000Dh -AIDLOC=0200000h-0200007h \
  -AEEDATA=0F00000h-0F003FFh -peeprom_data=EEDATA \
  -preset_vec=00h,intcode=08h,intcodelo=018h,powerup,init -pramtop=01000h \
  -psmallconst=SMALLCONST -pmediumconst=MEDIUMCONST -pconst=CONST \
  -AFARRAM=00h-00h \
  -prdata=COMRAM,nvrram=COMRAM,nvbit=COMRAM,rbss=COMRAM,rbit=COMRAM \
  -pfarbss=FARRAM,fardata=FARRAM,nvFARRAM=FARRAM \
  -pintsave_regs=BIGRAM,bigbss=BIGRAM,bigdata=BIGRAM -pbss=RAM \
  -pidata=CODE,irdata=CODE,ibigdata=CODE,ifardata=CODE -prparam=COMRAM \
  /tmp/xcXFfDAHm.o dist/default/production/336-the2.production.o 

Object code version is 3.11

Machine type is 18F8722



                Name                               Link     Load   Length Selector   Space Scale
/tmp/xcXFfDAHm.o
                idloc                            200000   200000        8        0       5
                config                           300000   300000        E        0       4
                init                                 26       26        4        C       0
                reset_vec                             0        0        4        0       0
dist/default/production/336-the2.production.o
                intcodelo                            18       18        E        C       0
                intcode                               8        8        6        4       0
                idloc                            200000   200000        8        0       5
                config                           300000   300000        E        0       4
                temp                                 2E       2E        1        1       1
                text17                              B08      B08       62        C       0
                intcode_body                        CAE      CAE       18        C       0
                text14                              C96      C96       18        C       0
                text13                              A58      A58       B0        C       0
                text12                              798      798      164        C       0
                text11                              BB6      BB6       4A        C       0
                text10                              CEE      CEE        E        C       0
                text9                               C7C      C7C       1A        C       0
                text8                               CC6      CC6       16        C       0
                text7                                2A       2A      3B4        C       0
                text6                               CFC      CFC        6        C       0
                text5                               B6A      B6A       4C        C       0
                text4                               5FA      5FA      19E        C       0
                text3                               8FC      8FC      15C        C       0
                text2                               3DE      3DE      21C        C       0
                text1                               CDC      CDC       12        C       0
                text0                               C00      C00       48        C       0
                cstackCOMRAM                         12       12       10        1       1
                dataCOMRAM                           2B       2B        3        1       1
                bssCOMRAM                             1        1       11        1       1
                cinit                               C48      C48       34        C       0
                nvCOMRAM                             22       22        9        1       1
                idataCOMRAM                         D02      D02        3        C       0

TOTAL           Name                               Link     Load   Length     Space
        CLASS   STACK          

        CLASS   CODE           
                intcodelo                            18       18        E         0
                intcode                               8        8        6         0
                init                                 26       26        4         0
                reset_vec                             0        0        4         0
                text17                              B08      B08       62         0
                intcode_body                        CAE      CAE       18         0
                text14                              C96      C96       18         0
                text13                              A58      A58       B0         0
                text12                              798      798      164         0
                text11                              BB6      BB6       4A         0
                text10                              CEE      CEE        E         0
                text9                               C7C      C7C       1A         0
                text8                               CC6      CC6       16         0
                text7                                2A       2A      3B4         0
                text6                               CFC      CFC        6         0
                text5                               B6A      B6A       4C         0
                text4                               5FA      5FA      19E         0
                text3                               8FC      8FC      15C         0
                text2                               3DE      3DE      21C         0
                text1                               CDC      CDC       12         0
                text0                               C00      C00       48         0
                cinit                               C48      C48       34         0
                idataCOMRAM                         D02      D02        3         0

        CLASS   CONST          

        CLASS   SMALLCONST     

        CLASS   MEDIUMCONST    

        CLASS   COMRAM         
                temp                                 2E       2E        1         1
                cstackCOMRAM                         12       12       10         1
                dataCOMRAM                           2B       2B        3         1
                bssCOMRAM                             1        1       11         1
                nvCOMRAM                             22       22        9         1

        CLASS   ABS1           

        CLASS   BIGRAM         

        CLASS   RAM            

        CLASS   BANK0          

        CLASS   BANK1          

        CLASS   BANK2          

        CLASS   BANK3          

        CLASS   BANK4          

        CLASS   BANK5          

        CLASS   BANK6          

        CLASS   BANK7          

        CLASS   BANK8          

        CLASS   BANK9          

        CLASS   BANK10         

        CLASS   BANK11         

        CLASS   BANK12         

        CLASS   BANK13         

        CLASS   BANK14         

        CLASS   BANK15         

        CLASS   SFR            

        CLASS   CONFIG         
                config                           300000   300000        E         4

        CLASS   IDLOC          
                idloc                            200000   200000        8         5

        CLASS   EEDATA         

        CLASS   FARRAM         



SEGMENTS        Name                           Load    Length   Top    Selector   Space  Class

                reset_vec                      000000  000004  000004         0       0  CODE    
                bssCOMRAM                      000001  00002E  00002F         1       1  COMRAM  
                intcode                        000008  000006  00000E         4       0  CODE    
                intcodelo                      000018  000CED  000D05         C       0  CODE    


UNUSED ADDRESS RANGES

        Name                Unused          Largest block    Delta
        BANK0            000060-0000FF               A0
        BANK1            000100-0001FF              100
        BANK10           000A00-000AFF              100
        BANK11           000B00-000BFF              100
        BANK12           000C00-000CFF              100
        BANK13           000D00-000DFF              100
        BANK14           000E00-000EFF              100
        BANK15           000F00-000F5F               60
        BANK2            000200-0002FF              100
        BANK3            000300-0003FF              100
        BANK4            000400-0004FF              100
        BANK5            000500-0005FF              100
        BANK6            000600-0006FF              100
        BANK7            000700-0007FF              100
        BANK8            000800-0008FF              100
        BANK9            000900-0009FF              100
        BIGRAM           00002F-000F5F              F31
        CODE             000004-000007                4
                         00000E-000017                A
                         000D05-01FFFF            1F2FB
        COMRAM           00002F-00005F               31
        CONST            000004-000007                4
                         00000E-000017                A
                         000D05-01FFFF            1F2FB
        EEDATA           F00000-F003FF              400
        MEDIUMCONST      001000-00FFFF             F000
                         011000-01FFFF             F000
        RAM              000060-000F5F              100
        SFR              000F60-000FFF               A0
        SMALLCONST       001000-01FFFF              100
        STACK            000060-000F5F              F00

                                  Symbol Table

?___awmod                     cstackCOMRAM 000013
_ADCON1                       (abs)        000FC1
_INTCON                       (abs)        000FF2
_INTCONbits                   (abs)        000FF2
_L1                           dataCOMRAM   00002D
_L2                           dataCOMRAM   00002C
_L3                           dataCOMRAM   00002B
_PORTA                        (abs)        000F80
_PORTB                        (abs)        000F81
_PORTC                        (abs)        000F82
_PORTCbits                    (abs)        000F82
_PORTD                        (abs)        000F83
_PORTE                        (abs)        000F84
_PORTF                        (abs)        000F85
_PORTFbits                    (abs)        000F85
_PORTGbits                    (abs)        000F86
_PORTH                        (abs)        000F87
_PORTJ                        (abs)        000F88
_T0CON                        (abs)        000FD5
_T1CON                        (abs)        000FCD
_TMR0                         (abs)        000FD6
_TMR1H                        (abs)        000FCF
_TMR1L                        (abs)        000FCE
_TRISA                        (abs)        000F92
_TRISB                        (abs)        000F93
_TRISC                        (abs)        000F94
_TRISD                        (abs)        000F95
_TRISE                        (abs)        000F96
_TRISF                        (abs)        000F97
_TRISG                        (abs)        000F98
_TRISH                        (abs)        000F99
_TRISJ                        (abs)        000F9A
__HRAM                        (abs)        000000
__Habs1                       abs1         000000
__Hbank0                      bank0        000000
__Hbank1                      bank1        000000
__Hbank10                     bank10       000000
__Hbank11                     bank11       000000
__Hbank12                     bank12       000000
__Hbank13                     bank13       000000
__Hbank14                     bank14       000000
__Hbank15                     bank15       000000
__Hbank2                      bank2        000000
__Hbank3                      bank3        000000
__Hbank4                      bank4        000000
__Hbank5                      bank5        000000
__Hbank6                      bank6        000000
__Hbank7                      bank7        000000
__Hbank8                      bank8        000000
__Hbank9                      bank9        000000
__Hbigbss                     bigbss       000000
__Hbigdata                    bigdata      000000
__Hbigram                     bigram       000000
__Hbss                        bss          000000
__HbssCOMRAM                  bssCOMRAM    000000
__Hcinit                      cinit        000000
__Hclrtext                    clrtext      000000
__Hcomram                     comram       000000
__Hconfig                     config       30000E
__Hconst                      const        000000
__HcstackCOMRAM               cstackCOMRAM 000000
__Hdata                       data         000000
__HdataCOMRAM                 dataCOMRAM   000000
__Heeprom_data                eeprom_data  000000
__Hfarbss                     farbss       000000
__Hfardata                    fardata      000000
__Hibigdata                   ibigdata     000000
__Hidata                      idata        000000
__HidataCOMRAM                idataCOMRAM  000000
__Hidloc                      idloc        200008
__Hifardata                   ifardata     000000
__Hinit                       init         00002A
__Hintcode                    intcode      00000E
__Hintcode_body               intcode_body 000000
__Hintcodelo                  intcodelo    000026
__Hintentry                   intentry     000000
__Hintret                     intret       000000
__Hintsave_regs               intsave_regs 000000
__Hirdata                     irdata       000000
__Hmediumconst                mediumconst  000000
__HnvCOMRAM                   nvCOMRAM     000000
__HnvFARRAM                   nvFARRAM     000000
__Hnvbit                      nvbit        000000
__Hnvrram                     nvrram       000000
__Hparam                      rparam       000000
__Hpowerup                    powerup      000026
__Hram                        ram          000000
__Hramtop                     ramtop       001000
__Hrbit                       rbit         000000
__Hrbss                       rbss         000000
__Hrdata                      rdata        000000
__Hreset_vec                  reset_vec    000004
__Hrparam                     rparam       000000
__Hsfr                        sfr          000000
__Hsmallconst                 smallconst   000000
__Hspace_0                    (abs)        001000
__Hspace_1                    (abs)        00002F
__Hspace_2                    (abs)        000000
__Hspace_4                    (abs)        60000E
__Hstack                      stack        000000
__Hstruct                     struct       000000
__Htemp                       temp         00002F
__Htext                       text         000000
__Htext0                      text0        000000
__Htext1                      text1        000000
__Htext10                     text10       000000
__Htext11                     text11       000000
__Htext12                     text12       000000
__Htext13                     text13       000000
__Htext14                     text14       000000
__Htext17                     text17       000000
__Htext2                      text2        000000
__Htext3                      text3        000000
__Htext4                      text4        000000
__Htext5                      text5        000000
__Htext6                      text6        000000
__Htext7                      text7        000000
__Htext8                      text8        000000
__Htext9                      text9        000000
__LRAM                        (abs)        000001
__Labs1                       abs1         000000
__Lbank0                      bank0        000000
__Lbank1                      bank1        000000
__Lbank10                     bank10       000000
__Lbank11                     bank11       000000
__Lbank12                     bank12       000000
__Lbank13                     bank13       000000
__Lbank14                     bank14       000000
__Lbank15                     bank15       000000
__Lbank2                      bank2        000000
__Lbank3                      bank3        000000
__Lbank4                      bank4        000000
__Lbank5                      bank5        000000
__Lbank6                      bank6        000000
__Lbank7                      bank7        000000
__Lbank8                      bank8        000000
__Lbank9                      bank9        000000
__Lbigbss                     bigbss       000000
__Lbigdata                    bigdata      000000
__Lbigram                     bigram       000000
__Lbss                        bss          000000
__LbssCOMRAM                  bssCOMRAM    000000
__Lcinit                      cinit        000000
__Lclrtext                    clrtext      000000
__Lcomram                     comram       000000
__Lconfig                     config       000000
__Lconst                      const        000000
__LcstackCOMRAM               cstackCOMRAM 000000
__Ldata                       data         000000
__LdataCOMRAM                 dataCOMRAM   000000
__Leeprom_data                eeprom_data  000000
__Lfarbss                     farbss       000000
__Lfardata                    fardata      000000
__Libigdata                   ibigdata     000000
__Lidata                      idata        000000
__LidataCOMRAM                idataCOMRAM  000000
__Lidloc                      idloc        000000
__Lifardata                   ifardata     000000
__Linit                       init         000026
__Lintcode                    intcode      000008
__Lintcode_body               intcode_body 000000
__Lintcodelo                  intcodelo    000018
__Lintentry                   intentry     000000
__Lintret                     intret       000000
__Lintsave_regs               intsave_regs 000000
__Lirdata                     irdata       000000
__Lmediumconst                mediumconst  000000
__LnvCOMRAM                   nvCOMRAM     000000
__LnvFARRAM                   nvFARRAM     000000
__Lnvbit                      nvbit        000000
__Lnvrram                     nvrram       000000
__Lparam                      rparam       000000
__Lpowerup                    powerup      000026
__Lram                        ram          000000
__Lramtop                     ramtop       001000
__Lrbit                       rbit         000000
__Lrbss                       rbss         000000
__Lrdata                      rdata        000000
__Lreset_vec                  reset_vec    000000
__Lrparam                     rparam       000000
__Lsfr                        sfr          000000
__Lsmallconst                 smallconst   000000
__Lspace_0                    (abs)        000000
__Lspace_1                    (abs)        000000
__Lspace_2                    (abs)        000000
__Lspace_4                    (abs)        000000
__Lstack                      stack        000000
__Lstruct                     struct       000000
__Ltemp                       temp         00002E
__Ltext                       text         000000
__Ltext0                      text0        000000
__Ltext1                      text1        000000
__Ltext10                     text10       000000
__Ltext11                     text11       000000
__Ltext12                     text12       000000
__Ltext13                     text13       000000
__Ltext14                     text14       000000
__Ltext17                     text17       000000
__Ltext2                      text2        000000
__Ltext3                      text3        000000
__Ltext4                      text4        000000
__Ltext5                      text5        000000
__Ltext6                      text6        000000
__Ltext7                      text7        000000
__Ltext8                      text8        000000
__Ltext9                      text9        000000
__S0                          (abs)        000D05
__S1                          (abs)        00002F
__S2                          (abs)        000000
__S4                          (abs)        000000
__S5                          (abs)        000000
___awmod                      text13       000A58
___awmod@counter              cstackCOMRAM 000017
___awmod@dividend             cstackCOMRAM 000013
___awmod@divisor              cstackCOMRAM 000015
___awmod@sign                 cstackCOMRAM 000018
___extmem_base                (abs)        020000
___inthi_sp                   stack        000000
___intlo_sp                   stack        000000
___param_bank                 (abs)        000000
___rparam_used                (abs)        000001
___sp                         stack        000000
__accesstop                   (abs)        000060
__activetblptr                (abs)        000003
__end_of___awmod              text13       000B08
__end_of__initialization      cinit        000C72
__end_of_game_task            text7        0003DE
__end_of_health_decreaser     text14       000CAE
__end_of_highPriorityISR      intcode_body 000CC6
__end_of_init_irq             text6        000D02
__end_of_init_ports           text11       000C00
__end_of_init_vars            text5        000BB6
__end_of_input_task           text4        000798
__end_of_lowPriorityISR       intcodelo    000026
__end_of_main                 text0        000C48
__end_of_randomgen            text12       0008FC
__end_of_reset_task           text10       000CFC
__end_of_sevenSeg             text3        000A58
__end_of_sevenSeg_controller  text2        0005FA
__end_of_shape_shifter        text9        000C96
__end_of_tmr_init             text1        000CEE
__end_of_tmr_isr              text17       000B6A
__end_of_tmr_start            text8        000CDC
__initialization              cinit        000C48
__mediumconst                 mediumconst  000000
__pbssCOMRAM                  bssCOMRAM    000001
__pcinit                      cinit        000C48
__pcstackCOMRAM               cstackCOMRAM 000012
__pdataCOMRAM                 dataCOMRAM   00002B
__pidataCOMRAM                idataCOMRAM  000D02
__pintcode                    intcode      000008
__pintcode_body               intcode_body 000CAE
__pintcodelo                  intcodelo    000018
__pnvCOMRAM                   nvCOMRAM     000022
__ptext0                      text0        000C00
__ptext1                      text1        000CDC
__ptext10                     text10       000CEE
__ptext11                     text11       000BB6
__ptext12                     text12       000798
__ptext13                     text13       000A58
__ptext14                     text14       000C96
__ptext17                     text17       000B08
__ptext2                      text2        0003DE
__ptext3                      text3        0008FC
__ptext4                      text4        0005FA
__ptext5                      text5        000B6A
__ptext6                      text6        000CFC
__ptext7                      text7        00002A
__ptext8                      text8        000CC6
__ptext9                      text9        000C7C
__ramtop                      ramtop       001000
__size_of___awmod             (abs)        000000
__size_of_game_task           (abs)        000000
__size_of_health_decreaser    (abs)        000000
__size_of_highPriorityISR     (abs)        000000
__size_of_init_irq            (abs)        000000
__size_of_init_ports          (abs)        000000
__size_of_init_vars           (abs)        000000
__size_of_input_task          (abs)        000000
__size_of_lowPriorityISR      (abs)        000000
__size_of_main                (abs)        000000
__size_of_randomgen           (abs)        000000
__size_of_reset_task          (abs)        000000
__size_of_sevenSeg            (abs)        000000
__size_of_sevenSeg_controller (abs)        000000
__size_of_shape_shifter       (abs)        000000
__size_of_tmr_init            (abs)        000000
__size_of_tmr_isr             (abs)        000000
__size_of_tmr_start           (abs)        000000
__smallconst                  smallconst   000000
_game_level                   nvCOMRAM     000022
_game_state                   bssCOMRAM    000005
_game_task                    text7        00002A
_health                       nvCOMRAM     00002A
_health_decreaser             text14       000C96
_highPriorityISR              intcode      000008
_htmrval                      bssCOMRAM    000006
_init_irq                     text6        000CFC
_init_ports                   text11       000BB6
_init_vars                    text5        000B6A
_input_task                   text4        0005FA
_isGameFinished               bssCOMRAM    00000B
_isGameStarted                bssCOMRAM    00000C
_isPressed                    bssCOMRAM    000009
_isRC0Pressed                 bssCOMRAM    00000A
_isRG0Pressed                 nvCOMRAM     000028
_isRG1Pressed                 nvCOMRAM     000027
_isRG2Pressed                 nvCOMRAM     000026
_isRG3Pressed                 nvCOMRAM     000025
_isRG4Pressed                 nvCOMRAM     000024
_level                        nvCOMRAM     000029
_level_subcount               bssCOMRAM    000004
_lowPriorityISR               intcodelo    000018
_ltmrval                      bssCOMRAM    000011
_main                         text0        000C00
_randomgen                    text12       000798
_reset_task                   text10       000CEE
_sevenSeg                     text3        0008FC
_sevenSeg2WayCounter          bssCOMRAM    00000F
_sevenSeg3WayCounter          bssCOMRAM    00000E
_sevenSeg4WayCounter          bssCOMRAM    00000D
_sevenSegCounter              bssCOMRAM    000010
_sevenSeg_controller          text2        0003DE
_shape_shifter                text9        000C7C
_starterDelay                 bssCOMRAM    000008
_tmr1flag                     bssCOMRAM    000007
_tmr_init                     text1        000CDC
_tmr_isr                      text17       000B08
_tmr_start                    text8        000CC6
_tmr_startreq                 bssCOMRAM    000002
_tmr_state                    bssCOMRAM    000003
_tmr_ticks_left               bssCOMRAM    000001
_whichRG                      nvCOMRAM     000023
btemp                         temp         00002E
end_of_initialization         cinit        000C72
game_task@count               cstackCOMRAM 000021
int$flags                     temp         00002E
int_func                      intcode_body 000CAE
intlevel0                     text         000000
intlevel1                     text         000000
intlevel2                     text         000000
intlevel3                     text         000000
randomgen@i                   cstackCOMRAM 000019
randomgen@intermbit           cstackCOMRAM 00001E
randomgen@lastbit             cstackCOMRAM 00001D
randomgen@noteval             cstackCOMRAM 00001B
randomgen@num                 cstackCOMRAM 00001C
randomgen@val                 cstackCOMRAM 00001A
sevenSeg@D                    cstackCOMRAM 000013
sevenSeg@J                    cstackCOMRAM 000016
stackhi                       (abs)        000F5F
stacklo                       (abs)        000060
start                         init         000026
start_initialization          cinit        000C48
tmr_start@ticks               cstackCOMRAM 000013
ttemp5                        temp         00002F
ttemp6                        temp         000032
ttemp7                        temp         000036
wtemp8                        temp         00002F


FUNCTION INFORMATION:

 *************** function _main *****************
 Defined at:
		line 724 in file "newmain.c"
 Parameters:    Size  Location     Type
		None
 Auto vars:     Size  Location     Type
		None
 Return value:  Size  Location     Type
                  1    wreg      void 
 Registers used:
		wreg, status,2, status,0, cstack
 Tracked objects:
		On entry : 
		On exit  : 
		Unchanged: 
 Data sizes:     COMRAM   BANK0   BANK1   BANK2   BANK3   BANK4   BANK5   BANK6   BANK7   BANK8   BANK9  BANK10  BANK11  BANK12  BANK13  BANK14  BANK15
      Params:         0       0       0       0       0       0       0       0       0       0       0       0       0       0       0       0       0
      Locals:         0       0       0       0       0       0       0       0       0       0       0       0       0       0       0       0       0
      Temps:          0       0       0       0       0       0       0       0       0       0       0       0       0       0       0       0       0
      Totals:         0       0       0       0       0       0       0       0       0       0       0       0       0       0       0       0       0
Total ram usage:        0 bytes
 Hardware stack levels required when called:    6
 This function calls:
		_game_task
		_init_irq
		_init_ports
		_init_vars
		_input_task
		_sevenSeg_controller
		_tmr_init
 This function is called by:
		Startup code after reset
 This function uses a non-reentrant model


 *************** function _tmr_init *****************
 Defined at:
		line 153 in file "newmain.c"
 Parameters:    Size  Location     Type
		None
 Auto vars:     Size  Location     Type
		None
 Return value:  Size  Location     Type
                  1    wreg      void 
 Registers used:
		wreg, status,2
 Tracked objects:
		On entry : 
		On exit  : 
		Unchanged: 
 Data sizes:     COMRAM   BANK0   BANK1   BANK2   BANK3   BANK4   BANK5   BANK6   BANK7   BANK8   BANK9  BANK10  BANK11  BANK12  BANK13  BANK14  BANK15
      Params:         0       0       0       0       0       0       0       0       0       0       0       0       0       0       0       0       0
      Locals:         0       0       0       0       0       0       0       0       0       0       0       0       0       0       0       0       0
      Temps:          0       0       0       0       0       0       0       0       0       0       0       0       0       0       0       0       0
      Totals:         0       0       0       0       0       0       0       0       0       0       0       0       0       0       0       0       0
Total ram usage:        0 bytes
 Hardware stack levels used:    1
 Hardware stack levels required when called:    3
 This function calls:
		Nothing
 This function is called by:
		_main
 This function uses a non-reentrant model


 *************** function _sevenSeg_controller *****************
 Defined at:
		line 355 in file "newmain.c"
 Parameters:    Size  Location     Type
		None
 Auto vars:     Size  Location     Type
		None
 Return value:  Size  Location     Type
                  1    wreg      void 
 Registers used:
		wreg, status,2, status,0, cstack
 Tracked objects:
		On entry : 
		On exit  : 
		Unchanged: 
 Data sizes:     COMRAM   BANK0   BANK1   BANK2   BANK3   BANK4   BANK5   BANK6   BANK7   BANK8   BANK9  BANK10  BANK11  BANK12  BANK13  BANK14  BANK15
      Params:         0       0       0       0       0       0       0       0       0       0       0       0       0       0       0       0       0
      Locals:         0       0       0       0       0       0       0       0       0       0       0       0       0       0       0       0       0
      Temps:          2       0       0       0       0       0       0       0       0       0       0       0       0       0       0       0       0
      Totals:         2       0       0       0       0       0       0       0       0       0       0       0       0       0       0       0       0
Total ram usage:        2 bytes
 Hardware stack levels used:    1
 Hardware stack levels required when called:    4
 This function calls:
		_sevenSeg
 This function is called by:
		_main
 This function uses a non-reentrant model


 *************** function _sevenSeg *****************
 Defined at:
		line 417 in file "newmain.c"
 Parameters:    Size  Location     Type
  J               1    wreg     unsigned char 
  D               1    1[COMRAM] unsigned char 
 Auto vars:     Size  Location     Type
  J               1    4[COMRAM] unsigned char 
 Return value:  Size  Location     Type
                  1    wreg      void 
 Registers used:
		wreg, status,2, status,0
 Tracked objects:
		On entry : 
		On exit  : 
		Unchanged: 
 Data sizes:     COMRAM   BANK0   BANK1   BANK2   BANK3   BANK4   BANK5   BANK6   BANK7   BANK8   BANK9  BANK10  BANK11  BANK12  BANK13  BANK14  BANK15
      Params:         1       0       0       0       0       0       0       0       0       0       0       0       0       0       0       0       0
      Locals:         1       0       0       0       0       0       0       0       0       0       0       0       0       0       0       0       0
      Temps:          2       0       0       0       0       0       0       0       0       0       0       0       0       0       0       0       0
      Totals:         4       0       0       0       0       0       0       0       0       0       0       0       0       0       0       0       0
Total ram usage:        4 bytes
 Hardware stack levels used:    1
 Hardware stack levels required when called:    3
 This function calls:
		Nothing
 This function is called by:
		_sevenSeg_controller
 This function uses a non-reentrant model


 *************** function _input_task *****************
 Defined at:
		line 245 in file "newmain.c"
 Parameters:    Size  Location     Type
		None
 Auto vars:     Size  Location     Type
		None
 Return value:  Size  Location     Type
                  1    wreg      void 
 Registers used:
		wreg, status,2, status,0, cstack
 Tracked objects:
		On entry : 
		On exit  : 
		Unchanged: 
 Data sizes:     COMRAM   BANK0   BANK1   BANK2   BANK3   BANK4   BANK5   BANK6   BANK7   BANK8   BANK9  BANK10  BANK11  BANK12  BANK13  BANK14  BANK15
      Params:         0       0       0       0       0       0       0       0       0       0       0       0       0       0       0       0       0
      Locals:         0       0       0       0       0       0       0       0       0       0       0       0       0       0       0       0       0
      Temps:          0       0       0       0       0       0       0       0       0       0       0       0       0       0       0       0       0
      Totals:         0       0       0       0       0       0       0       0       0       0       0       0       0       0       0       0       0
Total ram usage:        0 bytes
 Hardware stack levels used:    1
 Hardware stack levels required when called:    4
 This function calls:
		_init_ports
		_init_vars
 This function is called by:
		_main
 This function uses a non-reentrant model


 *************** function _init_vars *****************
 Defined at:
		line 64 in file "newmain.c"
 Parameters:    Size  Location     Type
		None
 Auto vars:     Size  Location     Type
		None
 Return value:  Size  Location     Type
                  1    wreg      void 
 Registers used:
		wreg, status,2
 Tracked objects:
		On entry : 
		On exit  : 
		Unchanged: 
 Data sizes:     COMRAM   BANK0   BANK1   BANK2   BANK3   BANK4   BANK5   BANK6   BANK7   BANK8   BANK9  BANK10  BANK11  BANK12  BANK13  BANK14  BANK15
      Params:         0       0       0       0       0       0       0       0       0       0       0       0       0       0       0       0       0
      Locals:         0       0       0       0       0       0       0       0       0       0       0       0       0       0       0       0       0
      Temps:          0       0       0       0       0       0       0       0       0       0       0       0       0       0       0       0       0
      Totals:         0       0       0       0       0       0       0       0       0       0       0       0       0       0       0       0       0
Total ram usage:        0 bytes
 Hardware stack levels used:    1
 Hardware stack levels required when called:    3
 This function calls:
		Nothing
 This function is called by:
		_input_task
		_main
 This function uses a non-reentrant model


 *************** function _init_irq *****************
 Defined at:
		line 115 in file "newmain.c"
 Parameters:    Size  Location     Type
		None
 Auto vars:     Size  Location     Type
		None
 Return value:  Size  Location     Type
                  1    wreg      void 
 Registers used:
		wreg, status,2
 Tracked objects:
		On entry : 
		On exit  : 
		Unchanged: 
 Data sizes:     COMRAM   BANK0   BANK1   BANK2   BANK3   BANK4   BANK5   BANK6   BANK7   BANK8   BANK9  BANK10  BANK11  BANK12  BANK13  BANK14  BANK15
      Params:         0       0       0       0       0       0       0       0       0       0       0       0       0       0       0       0       0
      Locals:         0       0       0       0       0       0       0       0       0       0       0       0       0       0       0       0       0
      Temps:          0       0       0       0       0       0       0       0       0       0       0       0       0       0       0       0       0
      Totals:         0       0       0       0       0       0       0       0       0       0       0       0       0       0       0       0       0
Total ram usage:        0 bytes
 Hardware stack levels used:    1
 Hardware stack levels required when called:    3
 This function calls:
		Nothing
 This function is called by:
		_main
 This function uses a non-reentrant model


 *************** function _game_task *****************
 Defined at:
		line 514 in file "newmain.c"
 Parameters:    Size  Location     Type
		None
 Auto vars:     Size  Location     Type
  count           1   15[COMRAM] unsigned char 
 Return value:  Size  Location     Type
                  1    wreg      void 
 Registers used:
		wreg, status,2, status,0, cstack
 Tracked objects:
		On entry : 
		On exit  : 
		Unchanged: 
 Data sizes:     COMRAM   BANK0   BANK1   BANK2   BANK3   BANK4   BANK5   BANK6   BANK7   BANK8   BANK9  BANK10  BANK11  BANK12  BANK13  BANK14  BANK15
      Params:         0       0       0       0       0       0       0       0       0       0       0       0       0       0       0       0       0
      Locals:         1       0       0       0       0       0       0       0       0       0       0       0       0       0       0       0       0
      Temps:          2       0       0       0       0       0       0       0       0       0       0       0       0       0       0       0       0
      Totals:         3       0       0       0       0       0       0       0       0       0       0       0       0       0       0       0       0
Total ram usage:        3 bytes
 Hardware stack levels used:    1
 Hardware stack levels required when called:    5
 This function calls:
		_health_decreaser
		_randomgen
		_reset_task
		_shape_shifter
		_tmr_start
 This function is called by:
		_main
 This function uses a non-reentrant model


 *************** function _tmr_start *****************
 Defined at:
		line 165 in file "newmain.c"
 Parameters:    Size  Location     Type
  ticks           1    wreg     unsigned char 
 Auto vars:     Size  Location     Type
  ticks           1    1[COMRAM] unsigned char 
 Return value:  Size  Location     Type
                  1    wreg      void 
 Registers used:
		wreg, status,2
 Tracked objects:
		On entry : 
		On exit  : 
		Unchanged: 
 Data sizes:     COMRAM   BANK0   BANK1   BANK2   BANK3   BANK4   BANK5   BANK6   BANK7   BANK8   BANK9  BANK10  BANK11  BANK12  BANK13  BANK14  BANK15
      Params:         0       0       0       0       0       0       0       0       0       0       0       0       0       0       0       0       0
      Locals:         1       0       0       0       0       0       0       0       0       0       0       0       0       0       0       0       0
      Temps:          0       0       0       0       0       0       0       0       0       0       0       0       0       0       0       0       0
      Totals:         1       0       0       0       0       0       0       0       0       0       0       0       0       0       0       0       0
Total ram usage:        1 bytes
 Hardware stack levels used:    1
 Hardware stack levels required when called:    3
 This function calls:
		Nothing
 This function is called by:
		_game_task
 This function uses a non-reentrant model


 *************** function _shape_shifter *****************
 Defined at:
		line 487 in file "newmain.c"
 Parameters:    Size  Location     Type
		None
 Auto vars:     Size  Location     Type
		None
 Return value:  Size  Location     Type
                  1    wreg      void 
 Registers used:
		wreg, status,2
 Tracked objects:
		On entry : 
		On exit  : 
		Unchanged: 
 Data sizes:     COMRAM   BANK0   BANK1   BANK2   BANK3   BANK4   BANK5   BANK6   BANK7   BANK8   BANK9  BANK10  BANK11  BANK12  BANK13  BANK14  BANK15
      Params:         0       0       0       0       0       0       0       0       0       0       0       0       0       0       0       0       0
      Locals:         0       0       0       0       0       0       0       0       0       0       0       0       0       0       0       0       0
      Temps:          0       0       0       0       0       0       0       0       0       0       0       0       0       0       0       0       0
      Totals:         0       0       0       0       0       0       0       0       0       0       0       0       0       0       0       0       0
Total ram usage:        0 bytes
 Hardware stack levels used:    1
 Hardware stack levels required when called:    3
 This function calls:
		Nothing
 This function is called by:
		_game_task
 This function uses a non-reentrant model


 *************** function _reset_task *****************
 Defined at:
		line 497 in file "newmain.c"
 Parameters:    Size  Location     Type
		None
 Auto vars:     Size  Location     Type
		None
 Return value:  Size  Location     Type
                  1    wreg      void 
 Registers used:
		wreg, status,2, cstack
 Tracked objects:
		On entry : 
		On exit  : 
		Unchanged: 
 Data sizes:     COMRAM   BANK0   BANK1   BANK2   BANK3   BANK4   BANK5   BANK6   BANK7   BANK8   BANK9  BANK10  BANK11  BANK12  BANK13  BANK14  BANK15
      Params:         0       0       0       0       0       0       0       0       0       0       0       0       0       0       0       0       0
      Locals:         0       0       0       0       0       0       0       0       0       0       0       0       0       0       0       0       0
      Temps:          0       0       0       0       0       0       0       0       0       0       0       0       0       0       0       0       0
      Totals:         0       0       0       0       0       0       0       0       0       0       0       0       0       0       0       0       0
Total ram usage:        0 bytes
 Hardware stack levels used:    1
 Hardware stack levels required when called:    4
 This function calls:
		_init_ports
 This function is called by:
		_game_task
 This function uses a non-reentrant model


 *************** function _init_ports *****************
 Defined at:
		line 91 in file "newmain.c"
 Parameters:    Size  Location     Type
		None
 Auto vars:     Size  Location     Type
		None
 Return value:  Size  Location     Type
                  1    wreg      void 
 Registers used:
		wreg, status,2
 Tracked objects:
		On entry : 
		On exit  : 
		Unchanged: 
 Data sizes:     COMRAM   BANK0   BANK1   BANK2   BANK3   BANK4   BANK5   BANK6   BANK7   BANK8   BANK9  BANK10  BANK11  BANK12  BANK13  BANK14  BANK15
      Params:         0       0       0       0       0       0       0       0       0       0       0       0       0       0       0       0       0
      Locals:         0       0       0       0       0       0       0       0       0       0       0       0       0       0       0       0       0
      Temps:          0       0       0       0       0       0       0       0       0       0       0       0       0       0       0       0       0
      Totals:         0       0       0       0       0       0       0       0       0       0       0       0       0       0       0       0       0
Total ram usage:        0 bytes
 Hardware stack levels used:    1
 Hardware stack levels required when called:    3
 This function calls:
		Nothing
 This function is called by:
		_input_task
		_reset_task
		_main
 This function uses a non-reentrant model


 *************** function _randomgen *****************
 Defined at:
		line 174 in file "newmain.c"
 Parameters:    Size  Location     Type
		None
 Auto vars:     Size  Location     Type
  intermbit       1   12[COMRAM] unsigned char 
  lastbit         1   11[COMRAM] unsigned char 
  num             1   10[COMRAM] unsigned char 
  noteval         1    9[COMRAM] unsigned char 
  val             1    8[COMRAM] unsigned char 
  i               1    7[COMRAM] unsigned char 
 Return value:  Size  Location     Type
                  1    wreg      void 
 Registers used:
		wreg, status,2, status,0, cstack
 Tracked objects:
		On entry : 
		On exit  : 
		Unchanged: 
 Data sizes:     COMRAM   BANK0   BANK1   BANK2   BANK3   BANK4   BANK5   BANK6   BANK7   BANK8   BANK9  BANK10  BANK11  BANK12  BANK13  BANK14  BANK15
      Params:         0       0       0       0       0       0       0       0       0       0       0       0       0       0       0       0       0
      Locals:         6       0       0       0       0       0       0       0       0       0       0       0       0       0       0       0       0
      Temps:          0       0       0       0       0       0       0       0       0       0       0       0       0       0       0       0       0
      Totals:         6       0       0       0       0       0       0       0       0       0       0       0       0       0       0       0       0
Total ram usage:        6 bytes
 Hardware stack levels used:    1
 Hardware stack levels required when called:    4
 This function calls:
		___awmod
 This function is called by:
		_game_task
 This function uses a non-reentrant model


 *************** function ___awmod *****************
 Defined at:
		line 7 in file "/opt/microchip/xc8/v2.30/pic/sources/c99/common/awmod.c"
 Parameters:    Size  Location     Type
  dividend        2    1[COMRAM] int 
  divisor         2    3[COMRAM] int 
 Auto vars:     Size  Location     Type
  sign            1    6[COMRAM] unsigned char 
  counter         1    5[COMRAM] unsigned char 
 Return value:  Size  Location     Type
                  2    1[COMRAM] int 
 Registers used:
		wreg, status,2, status,0
 Tracked objects:
		On entry : 
		On exit  : 
		Unchanged: 
 Data sizes:     COMRAM   BANK0   BANK1   BANK2   BANK3   BANK4   BANK5   BANK6   BANK7   BANK8   BANK9  BANK10  BANK11  BANK12  BANK13  BANK14  BANK15
      Params:         4       0       0       0       0       0       0       0       0       0       0       0       0       0       0       0       0
      Locals:         2       0       0       0       0       0       0       0       0       0       0       0       0       0       0       0       0
      Temps:          0       0       0       0       0       0       0       0       0       0       0       0       0       0       0       0       0
      Totals:         6       0       0       0       0       0       0       0       0       0       0       0       0       0       0       0       0
Total ram usage:        6 bytes
 Hardware stack levels used:    1
 Hardware stack levels required when called:    3
 This function calls:
		Nothing
 This function is called by:
		_randomgen
 This function uses a non-reentrant model


 *************** function _health_decreaser *****************
 Defined at:
		line 505 in file "newmain.c"
 Parameters:    Size  Location     Type
		None
 Auto vars:     Size  Location     Type
		None
 Return value:  Size  Location     Type
                  1    wreg      void 
 Registers used:
		wreg, status,2, status,0
 Tracked objects:
		On entry : 
		On exit  : 
		Unchanged: 
 Data sizes:     COMRAM   BANK0   BANK1   BANK2   BANK3   BANK4   BANK5   BANK6   BANK7   BANK8   BANK9  BANK10  BANK11  BANK12  BANK13  BANK14  BANK15
      Params:         0       0       0       0       0       0       0       0       0       0       0       0       0       0       0       0       0
      Locals:         0       0       0       0       0       0       0       0       0       0       0       0       0       0       0       0       0
      Temps:          0       0       0       0       0       0       0       0       0       0       0       0       0       0       0       0       0
      Totals:         0       0       0       0       0       0       0       0       0       0       0       0       0       0       0       0       0
Total ram usage:        0 bytes
 Hardware stack levels used:    1
 Hardware stack levels required when called:    3
 This function calls:
		Nothing
 This function is called by:
		_game_task
 This function uses a non-reentrant model


 *************** function _lowPriorityISR *****************
 Defined at:
		line 24 in file "newmain.c"
 Parameters:    Size  Location     Type
		None
 Auto vars:     Size  Location     Type
		None
 Return value:  Size  Location     Type
                  1    wreg      void 
 Registers used:
		None
 Tracked objects:
		On entry : 
		On exit  : 
		Unchanged: 
 Data sizes:     COMRAM   BANK0   BANK1   BANK2   BANK3   BANK4   BANK5   BANK6   BANK7   BANK8   BANK9  BANK10  BANK11  BANK12  BANK13  BANK14  BANK15
      Params:         0       0       0       0       0       0       0       0       0       0       0       0       0       0       0       0       0
      Locals:         0       0       0       0       0       0       0       0       0       0       0       0       0       0       0       0       0
      Temps:          1       0       0       0       0       0       0       0       0       0       0       0       0       0       0       0       0
      Totals:         1       0       0       0       0       0       0       0       0       0       0       0       0       0       0       0       0
Total ram usage:        1 bytes
 Hardware stack levels used:    1
 Hardware stack levels required when called:    2
 This function calls:
		Nothing
 This function is called by:
		Interrupt level 1
 This function uses a non-reentrant model


 *************** function _highPriorityISR *****************
 Defined at:
		line 17 in file "newmain.c"
 Parameters:    Size  Location     Type
		None
 Auto vars:     Size  Location     Type
		None
 Return value:  Size  Location     Type
                  1    wreg      void 
 Registers used:
		wreg, status,2, status,0, cstack
 Tracked objects:
		On entry : 
		On exit  : 
		Unchanged: 
 Data sizes:     COMRAM   BANK0   BANK1   BANK2   BANK3   BANK4   BANK5   BANK6   BANK7   BANK8   BANK9  BANK10  BANK11  BANK12  BANK13  BANK14  BANK15
      Params:         0       0       0       0       0       0       0       0       0       0       0       0       0       0       0       0       0
      Locals:         0       0       0       0       0       0       0       0       0       0       0       0       0       0       0       0       0
      Temps:          0       0       0       0       0       0       0       0       0       0       0       0       0       0       0       0       0
      Totals:         0       0       0       0       0       0       0       0       0       0       0       0       0       0       0       0       0
Total ram usage:        0 bytes
 Hardware stack levels used:    1
 Hardware stack levels required when called:    1
 This function calls:
		_tmr_isr
 This function is called by:
		Interrupt level 2
 This function uses a non-reentrant model


 *************** function _tmr_isr *****************
 Defined at:
		line 135 in file "newmain.c"
 Parameters:    Size  Location     Type
		None
 Auto vars:     Size  Location     Type
		None
 Return value:  Size  Location     Type
                  1    wreg      void 
 Registers used:
		wreg, status,2, status,0
 Tracked objects:
		On entry : 
		On exit  : 
		Unchanged: 
 Data sizes:     COMRAM   BANK0   BANK1   BANK2   BANK3   BANK4   BANK5   BANK6   BANK7   BANK8   BANK9  BANK10  BANK11  BANK12  BANK13  BANK14  BANK15
      Params:         0       0       0       0       0       0       0       0       0       0       0       0       0       0       0       0       0
      Locals:         0       0       0       0       0       0       0       0       0       0       0       0       0       0       0       0       0
      Temps:          0       0       0       0       0       0       0       0       0       0       0       0       0       0       0       0       0
      Totals:         0       0       0       0       0       0       0       0       0       0       0       0       0       0       0       0       0
Total ram usage:        0 bytes
 Hardware stack levels used:    1
 This function calls:
		Nothing
 This function is called by:
		_highPriorityISR
 This function uses a non-reentrant model



MODULE INFORMATION

Module		Function		Class		Link	Load	Size
/opt/microchip/xc8/v2.30/pic/sources/c99/common/awmod.c
		___awmod       		CODE           	0A58	0000	176

/opt/microchip/xc8/v2.30/pic/sources/c99/common/awmod.c estimated size: 176

newmain.c
		_health_decreaser		CODE           	0C96	0000	24
		_tmr_start     		CODE           	0CC6	0000	22
		_randomgen     		CODE           	0798	0000	356
		_sevenSeg      		CODE           	08FC	0000	348
		_main          		CODE           	0C00	0000	72
		_init_ports    		CODE           	0BB6	0000	74
		_highPriorityISR		CODE           	0008	0000	30
		_reset_task    		CODE           	0CEE	0000	14
		_sevenSeg_controller		CODE           	03DE	0000	540
		_game_task     		CODE           	002A	0000	948
		_shape_shifter 		CODE           	0C7C	0000	26
		_init_vars     		CODE           	0B6A	0000	76
		_tmr_isr       		CODE           	0B08	0000	98
		_tmr_init      		CODE           	0CDC	0000	18
		_input_task    		CODE           	05FA	0000	414
		_lowPriorityISR		CODE           	0018	0000	14
		_init_irq      		CODE           	0CFC	0000	6

newmain.c estimated size: 3080

shared
		__initialization		CODE           	0C48	0000	42

shared estimated size: 42

